aakash@pop-os:~$ touch src/matmul.cpp
touch: cannot touch 'src/matmul.cpp': No such file or directory
aakash@pop-os:~$ cd LLM_Parallel
aakash@pop-os:~/LLM_Parallel$ touch src/matmul.cpp
aakash@pop-os:~/LLM_Parallel$ nano src/matmul.cpp
aakash@pop-os:~/LLM_Parallel$ touch include/matmul.h
aakash@pop-os:~/LLM_Parallel$ nano include/matmul.h
aakash@pop-os:~/LLM_Parallel$ touch src/test_matmul.cpp
aakash@pop-os:~/LLM_Parallel$ nano src/test_matmul.cpp
aakash@pop-os:~/LLM_Parallel$ g++ -std=c++17 -I include src/matmul.cpp src/test_matmul.cpp -o test_matmul
src/matmul.cpp:6:51: error: found ‘:’ in nested-name-specifier, expected ‘::’
    6 | void matmul(const std::vector<float>& A, const std:vector<float>& B, std:: vector<float>& B,std::vector<float>& C, int M, int K, int N)
      |                                                   ^
      |                                                   ::
src/matmul.cpp:6:91: error: conflicting declaration ‘std::vector<float>& B’
    6 | (const std::vector<float>& A, const std:vector<float>& B, std:: vector<float>& B,std::vector<float>& C, int M, int K, int N)
      |                                                           ~~~~~~~~~~~~~~~~~~~~~^

src/matmul.cpp:6:67: note: previous declaration as ‘const std::vector<float>& B’
    6 | void matmul(const std::vector<float>& A, const std:vector<float>& B, std:: vector<float>& B,std::vector<float>& C, int M, int K, int N)
      |                                          ~~~~~~~~~~~~~~~~~~~~~~~~~^
aakash@pop-os:~/LLM_Parallel$ nano matmul.cpp
aakash@pop-os:~/LLM_Parallel$ nano src/matmul.cpp
aakash@pop-os:~/LLM_Parallel$ g++ -std=c++17 -I include src/matmul.cpp src/test_matmul.cpp -o test_matmul
src/matmul.cpp:6:92: error: conflicting declaration ‘std::vector<float>& B’
    6 | const std::vector<float>& A, const std::vector<float>& B, std:: vector<float>& B,std::vector<float>& C, int M, int K, int N)
      |                                                           ~~~~~~~~~~~~~~~~~~~~~^

src/matmul.cpp:6:68: note: previous declaration as ‘const std::vector<float>& B’
    6 | void matmul(const std::vector<float>& A, const std::vector<float>& B, std:: vector<float>& B,std::vector<float>& C, int M, int K, int N)
      |                                          ~~~~~~~~~~~~~~~~~~~~~~~~~~^
aakash@pop-os:~/LLM_Parallel$ nano src/matmul.cpp
aakash@pop-os:~/LLM_Parallel$ g++ -std=c++17 -I include src/matmul.cpp src/test_matmul.cpp -o test_matmul
aakash@pop-os:~/LLM_Parallel$ ./test_matmul
matmul test PASSED
C =
58 64
139 154
aakash@pop-os:~/LLM_Parallel$ git add .
aakash@pop-os:~/LLM_Parallel$ git commit -m "Add serial matmul kernel with test"
[master 5b49cc1] Add serial matmul kernel with test
 4 files changed, 66 insertions(+)
 create mode 100644 include/matmul.h
 create mode 100644 src/matmul.cpp
 create mode 100644 src/test_matmul.cpp
 create mode 100755 test_matmul
aakash@pop-os:~/LLM_Parallel$ touch src/softmax.cpp include/softmax.h
aakash@pop-os:~/LLM_Parallel$ nano include/softmax.h
aakash@pop-os:~/LLM_Parallel$ nano src/softmax.h
aakash@pop-os:~/LLM_Parallel$ nano src/softmax.cpp
aakash@pop-os:~/LLM_Parallel$ nano src/test_softmax.cpp
aakash@pop-os:~/LLM_Parallel$ g++ -std=c++17 -I include src/softmax.cpp src/test_softmax.cpp -o test_softmax && ./test_softmax
Softmax([1,2,3]) = 0.0900306 0.244728 0.665241
Sum should be 1.0 :1
aakash@pop-os:~/LLM_Parallel$ git add .
git commit -m "Add softmax with numerical stability and test"
[master 6adda00] Add softmax with numerical stability and test
 4 files changed, 46 insertions(+)
 create mode 100644 include/softmax.h
 create mode 100644 src/softmax.cpp
 create mode 100644 src/test_softmax.cpp
 create mode 100755 test_softmax
aakash@pop-os:~/LLM_Parallel$
